%{
%}

%%

[6-9][0-9]{9} {printf("\n mobile number valid\n:);}
.+ {printf("\n mobile num invalid\n");}

%%

int yywrap()
{}

int main()
{
printf("\n enter the mobile number:");
yylex();
}

OUTPUT:

Microsoft Windows [Version 10.0.22621.2428]
(c) Microsoft Corporation. All rights reserved.

C:\Users\RIYAS UDEEN>set path=C:\Program Files (x86)\GnuWin32\bin

C:\Users\RIYAS UDEEN>flex mobile.l.txt

C:\Users\RIYAS UDEEN>set path=C:\MinGW\bin

C:\Users\RIYAS UDEEN>gcc lex.yy.c

C:\Users\RIYAS UDEEN>a

 enter the mobile number:9554655577

 mobile number valid

6959
