%{
%}	 

%%
<INITIAL>[0-9]+ {printf("Integer\n");}
<INITIAL>[0-9]+[.][0-9]+ {printf("Float\n");}
<INITIAL>[A-Za-z0-9_]* {printf("Identifier\n");}
<INITIAL>[^\n] {printf("Invalid\n");}

%%

int yywrap(){}

int main()
{
printf("Enter String\n");
yylex();
return 0;
}

OUTPUT:

C:\Users\RIYAS UDEEN>set path=C:\Program Files (x86)\GnuWin32\bin

C:\Users\RIYAS UDEEN>flex constant.l.txt

C:\Users\RIYAS UDEEN>set path=C:\MinGW\bin

C:\Users\RIYAS UDEEN>gcc lex.yy.c

C:\Users\RIYAS UDEEN>a
Enter String
enater number
Identifier
Invalid
Identifier

naren
Identifier

16279 kumar
Integer
Invalid
Identifier
