%{
%}

%%

[a-z.0-9]+@[a-z]+".com"/".in" {printf("the email id entered is valid....");}
.+ {printf("the email id is invalid");}

%%
int yywrap()
{}

int main()
{
printf("enter email id:");
yylex():
}


OUTPUT:

C:\Users\RIYAS UDEEN>set path=C:\Program Files (x86)\GnuWin32\bin

C:\Users\RIYAS UDEEN>flex exp2.email.l.txt

C:\Users\RIYAS UDEEN>set path=C:\MinGW\bin

C:\Users\RIYAS UDEEN>gcc lex.yy.c

C:\Users\RIYAS UDEEN>a
enter email id:narenkumar17@gmail.com
the email id entered is valid....
uhiuv.com
the email id is invalid
